18:27:08.491 [main] INFO  BUSINESS - 开始记录数据：天气=, 更新时间=2026-04-03T18:27:08.154746800
18:27:08.492 [main] ERROR BUSINESS - 数据记录失败：天气:  错误
18:28:09.534 [main] INFO  BUSINESS - 开始记录数据：天气=, 更新时间=2026-04-03T18:28:09.249808700
18:28:09.536 [main] ERROR BUSINESS - 数据记录失败：天气:  错误
18:29:31.075 [main] INFO  BUSINESS - 开始记录数据：天气=晴, 更新时间=2026-04-03T18:29:30.788099300
18:29:31.076 [main] ERROR BUSINESS - 数据记录失败：天气: 晴 错误
18:35:25.857 [main] INFO  BUSINESS - 开始记录数据：天气=晴, 更新时间=2026-04-03T18:35:25.571298400
18:35:25.858 [main] INFO  BUSINESS - 数据记录成功
19:56:17.130 [main] INFO  BUSINESS - 开始记录数据：城市=上海, 经度=121.5, 纬度=31.0, 时区=Asia/Shanghai
19:56:17.131 [main] INFO  BUSINESS - 数据记录成功
19:56:17.146 [main] INFO  BUSINESS - 开始记录数据：温度=25.0, 湿度=60, 天气=晴, 风速=10.0, 能见度=100, 更新时间=2026-04-03T19:56:17.145429400, 体感温度=28.0
19:56:17.146 [main] INFO  BUSINESS - 数据记录成功
19:57:54.051 [main] INFO  BUSINESS - 开始记录数据：城市=上海, 经度=121.5, 纬度=31.0, 时区=Asia/Shanghai
19:57:54.055 [main] INFO  BUSINESS - 数据记录成功

19:58:03.008 [main] INFO  BUSINESS - 开始记录数据：城市=上海, 经度=121.5, 纬度=31.0, 时区=Asia/Shanghai
19:58:03.009 [main] INFO  BUSINESS - 数据记录成功

19:58:03.024 [main] INFO  BUSINESS - 开始记录数据：温度=25.0, 湿度=60, 天气=晴, 风速=10.0, 能见度=100, 更新时间=2026-04-03T19:58:03.023600, 体感温度=28.0
19:58:03.024 [main] INFO  BUSINESS - 数据记录成功

19:58:30.740 [main] INFO  BUSINESS - 开始记录数据：城市=上海, 经度=121.5, 纬度=31.0, 时区=Asia/Shanghai
19:58:30.740 [main] INFO  BUSINESS - 数据记录成功

19:58:30.756 [main] INFO  BUSINESS - 开始记录数据：温度=25.0, 湿度=60, 天气=晴, 风速=10.0, 能见度=100, 更新时间=2026-04-03T19:58:30.756203400, 体感温度=28.0
19:58:30.756 [main] INFO  BUSINESS - 数据记录成功

19:59:35.519 [main] INFO  BUSINESS - 开始记录Location：城市=上海, 经度=121.5, 纬度=31.0, 时区=Asia/Shanghai
19:59:35.521 [main] INFO  BUSINESS - 数据记录成功

19:59:35.537 [main] INFO  BUSINESS - 开始记录WeatherData：温度=25.0, 湿度=60, 天气=晴, 风速=10.0, 能见度=100, 更新时间=2026-04-03T19:59:35.535622900, 体感温度=28.0
19:59:35.537 [main] INFO  BUSINESS - 数据记录成功

20:00:05.083 [main] INFO  BUSINESS - 开始记录Location：城市=上海, 经度=121.5, 纬度=31.0, 时区=Asia/Shanghai
20:00:05.084 [main] WARN  BUSINESS - 数据记录失败,异常原因如下：国家: *** 错误

20:00:05.100 [main] INFO  BUSINESS - 开始记录WeatherData：温度=25.0, 湿度=60, 天气=晴, 风速=10.0, 能见度=100, 更新时间=2026-04-03T20:00:05.099182300, 体感温度=28.0
20:00:05.101 [main] INFO  BUSINESS - 数据记录成功

20:29:43.835 [main] INFO  BUSINESS - 开始记录Location：城市=上海, 经度=121.5, 纬度=31.0, 时区=Asia/Shanghai
20:29:43.836 [main] WARN  BUSINESS - 数据记录失败,异常原因如下：国家: *** 错误

20:29:43.852 [main] INFO  BUSINESS - 开始记录WeatherData：温度=25.0, 湿度=60, 天气=晴, 风速=10.0, 能见度=100, 更新时间=2026-04-03T20:29:43.851976600, 体感温度=28.0
20:29:43.852 [main] INFO  BUSINESS - 数据记录成功

20:29:43.858 [main] INFO  BUSINESS - 开始记录WeatherData：温度=25.0, 湿度=60, 天气=晴, 风速=10.0, 能见度=100, 更新时间=2026-04-03T20:29:43.857977200, 体感温度=28.0
20:29:43.858 [main] INFO  BUSINESS - 数据记录成功

20:29:43.858 [main] INFO  BUSINESS - 开始记录Location：城市=上海, 经度=121.5, 纬度=31.0, 时区=Asia/Shanghai
20:29:43.858 [main] INFO  BUSINESS - 数据记录成功

20:29:43.858 [main] INFO  BUSINESS - 开始记录WeatherResponse：状态码=200, 状态消息=成功
20:29:43.858 [main] INFO  BUSINESS - 数据记录成功

20:32:03.463 [main] INFO  BUSINESS - 开始记录WeatherData：温度=25.0, 湿度=60, 天气=晴, 风速=10.0, 能见度=100, 更新时间=2026-04-03T20:32:03.462352300, 体感温度=28.0
20:32:03.465 [main] INFO  BUSINESS - 数据记录成功

20:32:03.465 [main] INFO  BUSINESS - 开始记录Location：城市=上海, 经度=121.5, 纬度=31.0, 时区=Asia/Shanghai
20:32:03.466 [main] INFO  BUSINESS - 数据记录成功

20:32:03.466 [main] INFO  BUSINESS - 开始记录WeatherResponse：状态码=200, 状态消息=成功
20:32:03.466 [main] INFO  BUSINESS - 数据记录成功

20:32:26.647 [main] INFO  BUSINESS - 开始记录WeatherData：温度=25.0, 湿度=60, 天气=晴, 风速=10.0, 能见度=100, 更新时间=2026-04-03T20:32:26.647284300, 体感温度=28.0
20:32:26.647 [main] INFO  BUSINESS - 数据记录成功

20:32:26.647 [main] INFO  BUSINESS - 开始记录Location：城市=上海**, 经度=121.5, 纬度=31.0, 时区=Asia/Shanghai
20:32:26.647 [main] WARN  BUSINESS - 数据记录失败,异常原因如下：城市: 上海** 错误

20:32:26.647 [main] INFO  BUSINESS - 开始记录WeatherResponse：状态码=200, 状态消息=成功
20:32:26.647 [main] WARN  BUSINESS - 数据记录失败,异常原因如下：数据无效：Location无效

20:33:13.292 [main] INFO  BUSINESS - 开始记录WeatherData：温度=2500000.0, 湿度=60000000, 天气=晴, 风速=10.0, 能见度=100, 更新时间=2026-04-03T20:33:13.292994500, 体感温度=28.0
20:33:13.292 [main] WARN  BUSINESS - 数据记录失败,异常原因如下：温度: 2500000.0 异常, 湿度: 60000000 异常

20:33:13.297 [main] INFO  BUSINESS - 开始记录Location：城市=上海**, 经度=121.5, 纬度=31.0, 时区=Asia/Shanghai
20:33:13.297 [main] WARN  BUSINESS - 数据记录失败,异常原因如下：城市: 上海** 错误

20:33:13.297 [main] INFO  BUSINESS - 开始记录WeatherResponse：状态码=200, 状态消息=成功
20:33:13.297 [main] WARN  BUSINESS - 数据记录失败,异常原因如下：数据无效：WeatherData无效, 数据无效：Location无效

20:33:43.716 [main] INFO  BUSINESS - 开始记录WeatherData：温度=2500000.0, 湿度=60000000, 天气=晴, 风速=10.0, 能见度=100, 更新时间=2026-04-03T20:33:43.715421300, 体感温度=28.0
20:33:43.718 [main] WARN  BUSINESS - 数据记录失败,异常原因如下：温度: 2500000.0 异常, 湿度: 60000000 异常

20:33:43.720 [main] INFO  BUSINESS - 开始记录Location：城市=上海**, 经度=121.5, 纬度=31.0, 时区=Asia/Shanghai
20:33:43.720 [main] WARN  BUSINESS - 数据记录失败,异常原因如下：城市: 上海** 错误

20:33:43.721 [main] INFO  BUSINESS - 开始记录WeatherResponse：状态码=20000, 状态消息=成功
20:33:43.721 [main] WARN  BUSINESS - 数据记录失败,异常原因如下：数据无效：WeatherData无效, 数据无效：Location无效, 状态码: 20000 错误

