14:46:46.331 [main] INFO  BUSINESS - 开始记录Location：城市=上海, 经度=121.5, 纬度=31.0, 时区=Asia/Shanghai
14:46:46.333 [main] WARN  BUSINESS - 数据记录失败,异常原因如下：国家: *** 错误

14:46:46.348 [main] INFO  BUSINESS - 开始记录WeatherData：温度=25.0, 湿度=60, 天气=晴, 风速=10.0, 能见度=100, 更新时间=2026-04-05T14:46:46.348756900, 体感温度=28.0
14:46:46.349 [main] INFO  BUSINESS - 数据记录成功

14:46:46.354 [main] INFO  BUSINESS - 开始记录WeatherData：温度=2500000.0, 湿度=60000000, 天气=晴, 风速=10.0, 能见度=100, 更新时间=2026-04-05T14:46:46.354890800, 体感温度=28.0
14:46:46.354 [main] WARN  BUSINESS - 数据记录失败,异常原因如下：温度: 2500000.0 异常, 湿度: 60000000 异常

14:46:46.354 [main] INFO  BUSINESS - 开始记录Location：城市=上海**, 经度=121.5, 纬度=31.0, 时区=Asia/Shanghai
14:46:46.354 [main] WARN  BUSINESS - 数据记录失败,异常原因如下：城市: 上海** 错误

14:46:46.355 [main] INFO  BUSINESS - 开始记录WeatherResponse：状态码=20000, 状态消息=成功
14:46:46.355 [main] WARN  BUSINESS - 数据记录失败,异常原因如下：数据无效：WeatherData无效, 数据无效：Location无效, 状态码: 20000 错误

14:46:47.687 [main] INFO  BUSINESS - 开始创建HttpClient实例
14:46:47.690 [main] INFO  BUSINESS - 开始加载配置文件
14:46:47.691 [main] INFO  BUSINESS - 加载配置文件成功

14:46:47.871 [main] INFO  BUSINESS - 创建 HttpClient 实例成功 - 连接超时:5000ms, 读取超时:10000ms, 最大连接数:10, 每路由最大:5, 使用代理:false

14:46:47.906 [main] INFO  BUSINESS - 开始创建HttpClient实例
14:46:47.914 [main] INFO  BUSINESS - 创建 HttpClient 实例成功 - 连接超时:5000ms, 读取超时:10000ms, 最大连接数:10, 每路由最大:5, 使用代理:true

14:46:47.916 [main] INFO  BUSINESS - 开始创建HttpClient实例
14:46:47.917 [main] INFO  BUSINESS - 创建 HttpClient 实例成功 - 连接超时:3000ms, 读取超时:8000ms, 最大连接数:20, 每路由最大:10, 使用代理:false

14:53:02.367 [main] INFO  BUSINESS - 开始初始化JsonParserHelper
14:53:02.371 [main] INFO  BUSINESS - 开始加载配置文件
14:53:02.372 [main] INFO  BUSINESS - 加载配置文件成功

14:53:02.391 [main] INFO  BUSINESS - 开始初始化JsonParserHelper
14:53:02.395 [main] INFO  BUSINESS - 开始初始化JsonParserHelper
14:53:02.398 [main] INFO  BUSINESS - 开始初始化JsonParserHelper
14:53:02.400 [main] INFO  BUSINESS - 开始初始化JsonParserHelper
14:53:02.402 [main] INFO  BUSINESS - 开始初始化JsonParserHelper
14:53:02.404 [main] INFO  BUSINESS - 开始初始化JsonParserHelper
14:53:02.406 [main] INFO  BUSINESS - 开始初始化JsonParserHelper
14:53:02.408 [main] INFO  BUSINESS - 开始初始化JsonParserHelper
14:53:02.409 [main] INFO  BUSINESS - 开始初始化JsonParserHelper
14:53:02.411 [main] INFO  BUSINESS - 开始初始化JsonParserHelper
15:01:03.608 [main] INFO  BUSINESS - 开始初始化JsonParserHelper
15:01:03.612 [main] INFO  BUSINESS - 开始加载配置文件
15:01:03.612 [main] INFO  BUSINESS - 加载配置文件成功

15:01:03.612 [main] INFO  BUSINESS - 初始化JsonParserHelper完成
15:01:03.626 [main] WARN  BUSINESS - 缺少必要字段：temperature
15:01:03.638 [main] INFO  BUSINESS - 开始初始化JsonParserHelper
15:01:03.639 [main] INFO  BUSINESS - 初始化JsonParserHelper完成
15:01:03.739 [main] INFO  BUSINESS - 开始初始化JsonParserHelper
15:01:03.739 [main] INFO  BUSINESS - 初始化JsonParserHelper完成
15:01:03.742 [main] INFO  BUSINESS - 开始初始化JsonParserHelper
15:01:03.742 [main] INFO  BUSINESS - 初始化JsonParserHelper完成
15:01:03.743 [main] INFO  BUSINESS - 开始记录WeatherData：温度=25.5, 湿度=60, 天气=晴, 风速=3.2, 能见度=10, 更新时间=2026-04-05T15:01:03.743785200, 体感温度=26.0
15:01:03.743 [main] INFO  BUSINESS - 数据记录成功

15:01:03.785 [main] INFO  BUSINESS - 开始初始化JsonParserHelper
15:01:03.785 [main] INFO  BUSINESS - 初始化JsonParserHelper完成
15:01:03.787 [main] INFO  BUSINESS - 开始初始化JsonParserHelper
15:01:03.787 [main] INFO  BUSINESS - 初始化JsonParserHelper完成
15:01:03.789 [main] INFO  BUSINESS - 开始初始化JsonParserHelper
15:01:03.789 [main] INFO  BUSINESS - 初始化JsonParserHelper完成
15:01:03.791 [main] INFO  BUSINESS - 开始初始化JsonParserHelper
15:01:03.791 [main] INFO  BUSINESS - 初始化JsonParserHelper完成
15:01:03.792 [main] INFO  BUSINESS - 设置默认字段值：temperature
15:01:03.792 [main] INFO  BUSINESS - 设置默认字段值：humidity
15:01:03.793 [main] INFO  BUSINESS - 开始初始化JsonParserHelper
15:01:03.793 [main] INFO  BUSINESS - 初始化JsonParserHelper完成
15:01:03.794 [main] INFO  BUSINESS - 开始初始化JsonParserHelper
15:01:03.794 [main] INFO  BUSINESS - 初始化JsonParserHelper完成
15:01:03.795 [main] INFO  BUSINESS - 开始初始化JsonParserHelper
15:01:03.796 [main] INFO  BUSINESS - 初始化JsonParserHelper完成
16:37:13.002 [main] INFO  BUSINESS - 开始记录Location：城市=上海, 经度=121.5, 纬度=31.0, 时区=Asia/Shanghai
16:37:13.005 [main] WARN  BUSINESS - 数据记录失败,异常原因如下：国家: *** 错误

16:37:13.019 [main] INFO  BUSINESS - 开始记录WeatherData：温度=25.0, 湿度=60, 天气=晴, 风速=10.0, 能见度=100, 更新时间=2026-04-05T16:37:13.018228400, 体感温度=28.0
16:37:13.020 [main] INFO  BUSINESS - 数据记录成功

16:37:13.026 [main] INFO  BUSINESS - 开始记录WeatherData：温度=2500000.0, 湿度=60000000, 天气=晴, 风速=10.0, 能见度=100, 更新时间=2026-04-05T16:37:13.026228800, 体感温度=28.0
16:37:13.026 [main] WARN  BUSINESS - 数据记录失败,异常原因如下：温度: 2500000.0 异常, 湿度: 60000000 异常

16:37:13.027 [main] INFO  BUSINESS - 开始记录Location：城市=上海**, 经度=121.5, 纬度=31.0, 时区=Asia/Shanghai
16:37:13.027 [main] WARN  BUSINESS - 数据记录失败,异常原因如下：城市: 上海** 错误

16:37:13.027 [main] INFO  BUSINESS - 开始记录WeatherResponse：状态码=20000, 状态消息=成功
16:37:13.028 [main] WARN  BUSINESS - 数据记录失败,异常原因如下：数据无效：WeatherData无效, 数据无效：Location无效, 状态码: 20000 错误

16:37:14.139 [main] INFO  BUSINESS - 开始初始化JsonParserHelper
16:37:14.142 [main] INFO  BUSINESS - 开始加载配置文件
16:37:14.143 [main] INFO  BUSINESS - 加载配置文件成功

16:37:14.143 [main] INFO  BUSINESS - 初始化JsonParserHelper完成
16:37:14.160 [main] WARN  BUSINESS - 缺少必要字段：temperature
16:37:14.170 [main] INFO  BUSINESS - 开始初始化JsonParserHelper
16:37:14.170 [main] INFO  BUSINESS - 初始化JsonParserHelper完成
16:37:14.257 [main] INFO  BUSINESS - 开始初始化JsonParserHelper
16:37:14.257 [main] INFO  BUSINESS - 初始化JsonParserHelper完成
16:37:14.260 [main] INFO  BUSINESS - 开始初始化JsonParserHelper
16:37:14.260 [main] INFO  BUSINESS - 初始化JsonParserHelper完成
16:37:14.262 [main] INFO  BUSINESS - 开始记录WeatherData：温度=25.5, 湿度=60, 天气=晴, 风速=3.2, 能见度=10, 更新时间=2026-04-05T16:37:14.261246200, 体感温度=26.0
16:37:14.262 [main] INFO  BUSINESS - 数据记录成功

16:37:14.301 [main] INFO  BUSINESS - 开始初始化JsonParserHelper
16:37:14.301 [main] INFO  BUSINESS - 初始化JsonParserHelper完成
16:37:14.302 [main] INFO  BUSINESS - 开始初始化JsonParserHelper
16:37:14.302 [main] INFO  BUSINESS - 初始化JsonParserHelper完成
16:37:14.304 [main] INFO  BUSINESS - 开始初始化JsonParserHelper
16:37:14.305 [main] INFO  BUSINESS - 初始化JsonParserHelper完成
16:37:14.306 [main] INFO  BUSINESS - 开始初始化JsonParserHelper
16:37:14.306 [main] INFO  BUSINESS - 初始化JsonParserHelper完成
16:37:14.307 [main] INFO  BUSINESS - 设置默认字段值：humidity
16:37:14.308 [main] INFO  BUSINESS - 设置默认字段值：temperature
16:37:14.308 [main] INFO  BUSINESS - 开始初始化JsonParserHelper
16:37:14.308 [main] INFO  BUSINESS - 初始化JsonParserHelper完成
16:37:14.309 [main] INFO  BUSINESS - 开始初始化JsonParserHelper
16:37:14.309 [main] INFO  BUSINESS - 初始化JsonParserHelper完成
16:37:14.311 [main] INFO  BUSINESS - 开始初始化JsonParserHelper
16:37:14.311 [main] INFO  BUSINESS - 初始化JsonParserHelper完成
16:37:14.318 [main] INFO  BUSINESS - 开始初始化JsonParserHelper
16:37:14.318 [main] INFO  BUSINESS - 初始化JsonParserHelper完成
16:37:14.318 [main] INFO  BUSINESS - 开始初始化WeatherResponseParser
16:37:14.335 [main] INFO  BUSINESS - 开始初始化JsonParserHelper
16:37:14.335 [main] INFO  BUSINESS - 初始化JsonParserHelper完成
16:37:14.335 [main] INFO  BUSINESS - 开始初始化WeatherResponseParser
16:37:14.338 [main] INFO  BUSINESS - 开始初始化JsonParserHelper
16:37:14.338 [main] INFO  BUSINESS - 初始化JsonParserHelper完成
16:37:14.338 [main] INFO  BUSINESS - 开始初始化WeatherResponseParser
16:37:14.344 [main] INFO  BUSINESS - 开始初始化JsonParserHelper
16:37:14.344 [main] INFO  BUSINESS - 初始化JsonParserHelper完成
16:37:14.344 [main] INFO  BUSINESS - 开始初始化WeatherResponseParser
16:37:14.346 [main] INFO  BUSINESS - 开始初始化JsonParserHelper
16:37:14.346 [main] INFO  BUSINESS - 初始化JsonParserHelper完成
16:37:14.346 [main] INFO  BUSINESS - 开始初始化WeatherResponseParser
16:37:14.347 [main] INFO  BUSINESS - 开始初始化WeatherResponseParser
16:37:14.347 [main] ERROR BUSINESS - 初始化WeatherResponseParser失败
16:37:14.347 [main] INFO  BUSINESS - 开始初始化JsonParserHelper
16:37:14.347 [main] INFO  BUSINESS - 初始化JsonParserHelper完成
16:37:14.347 [main] INFO  BUSINESS - 开始初始化WeatherResponseParser
17:22:31.187 [main] INFO  BUSINESS - 开始记录Location：城市=上海, 经度=121.5, 纬度=31.0, 时区=Asia/Shanghai
17:22:31.189 [main] WARN  BUSINESS - 数据记录失败,异常原因如下：国家: *** 错误

17:22:31.202 [main] INFO  BUSINESS - 开始记录WeatherData：温度=25.0, 湿度=60, 天气=晴, 风速=10.0, 能见度=100, 更新时间=2026-04-05T17:22:31.201245500, 体感温度=28.0
17:22:31.202 [main] INFO  BUSINESS - 数据记录成功

17:22:31.208 [main] INFO  BUSINESS - 开始记录WeatherData：温度=2500000.0, 湿度=60000000, 天气=晴, 风速=10.0, 能见度=100, 更新时间=2026-04-05T17:22:31.208249500, 体感温度=28.0
17:22:31.208 [main] WARN  BUSINESS - 数据记录失败,异常原因如下：温度: 2500000.0 异常, 湿度: 60000000 异常

17:22:31.208 [main] INFO  BUSINESS - 开始记录Location：城市=上海**, 经度=121.5, 纬度=31.0, 时区=Asia/Shanghai
17:22:31.208 [main] WARN  BUSINESS - 数据记录失败,异常原因如下：城市: 上海** 错误

17:22:31.209 [main] INFO  BUSINESS - 开始记录WeatherResponse：状态码=20000, 状态消息=成功
17:25:13.546 [main] INFO  BUSINESS - 开始记录Location：城市=上海, 经度=121.5, 纬度=31.0, 时区=Asia/Shanghai
17:25:13.548 [main] WARN  BUSINESS - 数据记录失败,异常原因如下：国家: *** 错误

17:25:13.561 [main] INFO  BUSINESS - 开始记录WeatherData：温度=25.0, 湿度=60, 天气=晴, 风速=10.0, 能见度=100, 更新时间=2026-04-05T17:25:13.560661500, 体感温度=28.0
17:25:13.561 [main] INFO  BUSINESS - 数据记录成功

17:25:13.566 [main] INFO  BUSINESS - 开始记录WeatherData：温度=2500000.0, 湿度=60000000, 天气=晴, 风速=10.0, 能见度=100, 更新时间=2026-04-05T17:25:13.566662, 体感温度=28.0
17:25:13.566 [main] WARN  BUSINESS - 数据记录失败,异常原因如下：温度: 2500000.0 异常, 湿度: 60000000 异常

17:25:13.566 [main] INFO  BUSINESS - 开始记录Location：城市=上海**, 经度=121.5, 纬度=31.0, 时区=Asia/Shanghai
17:25:13.566 [main] WARN  BUSINESS - 数据记录失败,异常原因如下：城市: 上海** 错误

17:25:13.567 [main] INFO  BUSINESS - 开始记录WeatherResponse：状态码=20000, 状态消息=成功
17:25:13.567 [main] WARN  BUSINESS - 数据记录失败,异常原因如下：天气: null 错误, 更新时间错误为null

17:25:13.567 [main] WARN  BUSINESS - 数据记录失败,异常原因如下：城市: null 错误, 城市ID: null 错误, 国家: null 错误, 时区: null 错误

17:25:13.567 [main] WARN  BUSINESS - 数据记录失败,异常原因如下：数据无效：WeatherData无效, 数据无效：Location无效, 状态码: 20000 错误

17:25:14.566 [main] INFO  BUSINESS - 开始初始化JsonParserHelper
17:25:14.567 [main] INFO  BUSINESS - 开始加载配置文件
17:25:14.568 [main] INFO  BUSINESS - 加载配置文件成功

17:25:14.568 [main] INFO  BUSINESS - 初始化JsonParserHelper完成
17:25:14.580 [main] WARN  BUSINESS - 缺少必要字段：temperature
17:25:14.591 [main] INFO  BUSINESS - 开始初始化JsonParserHelper
17:25:14.591 [main] INFO  BUSINESS - 初始化JsonParserHelper完成
17:25:14.678 [main] INFO  BUSINESS - 开始初始化JsonParserHelper
17:25:14.678 [main] INFO  BUSINESS - 初始化JsonParserHelper完成
17:25:14.681 [main] INFO  BUSINESS - 开始初始化JsonParserHelper
17:25:14.681 [main] INFO  BUSINESS - 初始化JsonParserHelper完成
17:25:14.683 [main] INFO  BUSINESS - 开始记录WeatherData：温度=25.5, 湿度=60, 天气=晴, 风速=3.2, 能见度=10, 更新时间=2026-04-05T17:25:14.683301300, 体感温度=26.0
17:25:14.683 [main] INFO  BUSINESS - 数据记录成功

17:25:14.722 [main] INFO  BUSINESS - 开始初始化JsonParserHelper
17:25:14.723 [main] INFO  BUSINESS - 初始化JsonParserHelper完成
17:25:14.725 [main] INFO  BUSINESS - 开始初始化JsonParserHelper
17:25:14.725 [main] INFO  BUSINESS - 初始化JsonParserHelper完成
17:25:14.726 [main] INFO  BUSINESS - 开始初始化JsonParserHelper
17:25:14.726 [main] INFO  BUSINESS - 初始化JsonParserHelper完成
17:25:14.728 [main] INFO  BUSINESS - 开始初始化JsonParserHelper
17:25:14.728 [main] INFO  BUSINESS - 初始化JsonParserHelper完成
17:25:14.729 [main] INFO  BUSINESS - 设置默认字段值：humidity
17:25:14.729 [main] INFO  BUSINESS - 设置默认字段值：temperature
17:25:14.730 [main] INFO  BUSINESS - 开始初始化JsonParserHelper
17:25:14.730 [main] INFO  BUSINESS - 初始化JsonParserHelper完成
17:25:14.732 [main] INFO  BUSINESS - 开始初始化JsonParserHelper
17:25:14.732 [main] INFO  BUSINESS - 初始化JsonParserHelper完成
17:25:14.734 [main] INFO  BUSINESS - 开始初始化JsonParserHelper
17:25:14.734 [main] INFO  BUSINESS - 初始化JsonParserHelper完成
17:25:15.804 [main] INFO  BUSINESS - 开始创建HttpClient实例
17:25:15.808 [main] INFO  BUSINESS - 开始加载配置文件
17:25:15.808 [main] INFO  BUSINESS - 加载配置文件成功

17:25:15.964 [main] INFO  BUSINESS - 创建 HttpClient 实例成功 - 连接超时:5000ms, 读取超时:10000ms, 最大连接数:10, 每路由最大:5, 使用代理:false

17:25:15.993 [main] INFO  BUSINESS - 开始创建HttpClient实例
17:25:16.001 [main] INFO  BUSINESS - 创建 HttpClient 实例成功 - 连接超时:5000ms, 读取超时:10000ms, 最大连接数:10, 每路由最大:5, 使用代理:true

17:25:16.004 [main] INFO  BUSINESS - 开始创建HttpClient实例
17:25:16.004 [main] INFO  BUSINESS - 创建 HttpClient 实例成功 - 连接超时:3000ms, 读取超时:8000ms, 最大连接数:20, 每路由最大:10, 使用代理:false

17:25:51.642 [main] INFO  BUSINESS - 开始初始化JsonParserHelper
17:25:51.644 [main] INFO  BUSINESS - 开始加载配置文件
17:25:51.644 [main] INFO  BUSINESS - 加载配置文件成功

17:25:51.645 [main] INFO  BUSINESS - 初始化JsonParserHelper完成
17:25:51.645 [main] INFO  BUSINESS - 开始初始化WeatherResponseParser
17:25:51.757 [main] INFO  BUSINESS - 开始初始化JsonParserHelper
17:25:51.757 [main] INFO  BUSINESS - 初始化JsonParserHelper完成
17:25:51.757 [main] INFO  BUSINESS - 开始初始化WeatherResponseParser
17:25:51.760 [main] INFO  BUSINESS - 开始初始化JsonParserHelper
17:25:51.761 [main] INFO  BUSINESS - 初始化JsonParserHelper完成
17:25:51.761 [main] INFO  BUSINESS - 开始初始化WeatherResponseParser
17:25:51.763 [main] INFO  BUSINESS - 开始初始化JsonParserHelper
17:25:51.763 [main] INFO  BUSINESS - 初始化JsonParserHelper完成
17:25:51.764 [main] INFO  BUSINESS - 开始初始化WeatherResponseParser
17:25:51.771 [main] INFO  BUSINESS - 开始初始化JsonParserHelper
17:25:51.771 [main] INFO  BUSINESS - 初始化JsonParserHelper完成
17:25:51.771 [main] INFO  BUSINESS - 开始初始化WeatherResponseParser
17:25:51.779 [main] INFO  BUSINESS - 开始初始化JsonParserHelper
17:25:51.779 [main] INFO  BUSINESS - 初始化JsonParserHelper完成
17:25:51.779 [main] INFO  BUSINESS - 开始初始化WeatherResponseParser
17:25:51.782 [main] INFO  BUSINESS - 开始初始化JsonParserHelper
17:25:51.782 [main] INFO  BUSINESS - 初始化JsonParserHelper完成
17:25:51.782 [main] INFO  BUSINESS - 开始初始化WeatherResponseParser
17:25:51.783 [main] INFO  BUSINESS - 开始初始化JsonParserHelper
17:25:51.783 [main] INFO  BUSINESS - 初始化JsonParserHelper完成
17:25:51.783 [main] INFO  BUSINESS - 开始初始化WeatherResponseParser
17:25:51.784 [main] INFO  BUSINESS - 开始初始化WeatherResponseParser
17:25:51.784 [main] ERROR BUSINESS - 初始化WeatherResponseParser失败
17:25:51.785 [main] INFO  BUSINESS - 开始初始化JsonParserHelper
17:25:51.785 [main] INFO  BUSINESS - 初始化JsonParserHelper完成
17:25:51.785 [main] INFO  BUSINESS - 开始初始化WeatherResponseParser
17:25:51.788 [main] INFO  BUSINESS - 开始初始化JsonParserHelper
17:25:51.788 [main] INFO  BUSINESS - 初始化JsonParserHelper完成
17:25:51.788 [main] INFO  BUSINESS - 开始初始化WeatherResponseParser
17:26:57.133 [main] INFO  BUSINESS - 开始初始化JsonParserHelper
17:26:57.137 [main] INFO  BUSINESS - 开始加载配置文件
17:26:57.138 [main] INFO  BUSINESS - 加载配置文件成功

17:26:57.138 [main] INFO  BUSINESS - 初始化JsonParserHelper完成
17:26:57.138 [main] INFO  BUSINESS - 开始初始化WeatherResponseParser
17:26:57.271 [main] INFO  BUSINESS - 开始初始化JsonParserHelper
17:26:57.271 [main] INFO  BUSINESS - 初始化JsonParserHelper完成
17:26:57.271 [main] INFO  BUSINESS - 开始初始化WeatherResponseParser
17:26:57.275 [main] INFO  BUSINESS - 开始初始化JsonParserHelper
17:26:57.275 [main] INFO  BUSINESS - 初始化JsonParserHelper完成
17:26:57.275 [main] INFO  BUSINESS - 开始初始化WeatherResponseParser
17:26:57.279 [main] INFO  BUSINESS - 开始初始化JsonParserHelper
17:26:57.279 [main] INFO  BUSINESS - 初始化JsonParserHelper完成
17:26:57.279 [main] INFO  BUSINESS - 开始初始化WeatherResponseParser
17:26:57.285 [main] INFO  BUSINESS - 开始初始化JsonParserHelper
17:26:57.285 [main] INFO  BUSINESS - 初始化JsonParserHelper完成
17:26:57.285 [main] INFO  BUSINESS - 开始初始化WeatherResponseParser
17:26:57.294 [main] INFO  BUSINESS - 开始初始化JsonParserHelper
17:26:57.294 [main] INFO  BUSINESS - 初始化JsonParserHelper完成
17:26:57.294 [main] INFO  BUSINESS - 开始初始化WeatherResponseParser
17:26:57.296 [main] INFO  BUSINESS - 开始初始化JsonParserHelper
17:26:57.297 [main] INFO  BUSINESS - 初始化JsonParserHelper完成
17:26:57.297 [main] INFO  BUSINESS - 开始初始化WeatherResponseParser
17:26:57.298 [main] INFO  BUSINESS - 开始初始化JsonParserHelper
17:26:57.298 [main] INFO  BUSINESS - 初始化JsonParserHelper完成
17:26:57.298 [main] INFO  BUSINESS - 开始初始化WeatherResponseParser
17:26:57.300 [main] INFO  BUSINESS - 开始初始化WeatherResponseParser
17:26:57.300 [main] ERROR BUSINESS - 初始化WeatherResponseParser失败
17:26:57.301 [main] INFO  BUSINESS - 开始初始化JsonParserHelper
17:26:57.302 [main] INFO  BUSINESS - 初始化JsonParserHelper完成
17:26:57.302 [main] INFO  BUSINESS - 开始初始化WeatherResponseParser
17:26:57.304 [main] INFO  BUSINESS - 开始初始化JsonParserHelper
17:26:57.304 [main] INFO  BUSINESS - 初始化JsonParserHelper完成
17:26:57.304 [main] INFO  BUSINESS - 开始初始化WeatherResponseParser
18:17:11.526 [main] INFO  BUSINESS - 开始创建HttpClient实例
18:17:11.530 [main] INFO  BUSINESS - 开始加载配置文件
18:17:11.530 [main] INFO  BUSINESS - 加载配置文件成功

18:17:11.531 [main] INFO  BUSINESS - 开始创建WeatherApiClient实例
18:17:11.544 [main] INFO  BUSINESS - 开始创建HttpClient实例
18:17:11.544 [main] INFO  BUSINESS - 开始创建WeatherApiClient实例
18:17:11.547 [main] INFO  BUSINESS - 开始创建HttpClient实例
18:17:11.547 [main] INFO  BUSINESS - 开始创建WeatherApiClient实例
18:17:11.551 [main] INFO  BUSINESS - 开始创建HttpClient实例
18:17:11.551 [main] INFO  BUSINESS - 开始创建WeatherApiClient实例
18:17:11.554 [main] INFO  BUSINESS - 开始创建HttpClient实例
18:17:11.554 [main] INFO  BUSINESS - 开始创建WeatherApiClient实例
18:17:11.557 [main] INFO  BUSINESS - 开始创建HttpClient实例
18:17:11.557 [main] INFO  BUSINESS - 开始创建WeatherApiClient实例
18:17:11.559 [main] INFO  BUSINESS - 开始创建HttpClient实例
18:17:11.559 [main] INFO  BUSINESS - 开始创建WeatherApiClient实例
18:17:11.561 [main] INFO  BUSINESS - 开始创建HttpClient实例
18:17:11.561 [main] INFO  BUSINESS - 开始创建WeatherApiClient实例
18:17:11.563 [main] INFO  BUSINESS - 开始创建HttpClient实例
18:17:11.563 [main] INFO  BUSINESS - 开始创建WeatherApiClient实例
18:17:11.564 [main] INFO  BUSINESS - 开始创建HttpClient实例
18:17:11.564 [main] INFO  BUSINESS - 开始创建WeatherApiClient实例
18:17:11.566 [main] INFO  BUSINESS - 开始创建HttpClient实例
18:17:11.566 [main] INFO  BUSINESS - 开始创建WeatherApiClient实例
18:17:11.568 [main] INFO  BUSINESS - 开始创建HttpClient实例
18:17:11.568 [main] INFO  BUSINESS - 开始创建WeatherApiClient实例
18:17:11.570 [main] INFO  BUSINESS - 开始创建HttpClient实例
18:17:11.570 [main] INFO  BUSINESS - 开始创建WeatherApiClient实例
18:17:11.571 [main] INFO  BUSINESS - 开始创建HttpClient实例
18:17:11.571 [main] INFO  BUSINESS - 开始创建WeatherApiClient实例
18:17:11.573 [main] INFO  BUSINESS - 开始创建HttpClient实例
18:17:11.573 [main] INFO  BUSINESS - 开始创建WeatherApiClient实例
18:20:22.935 [main] INFO  BUSINESS - 开始创建HttpClient实例
18:20:22.937 [main] INFO  BUSINESS - 开始加载配置文件
18:20:22.937 [main] INFO  BUSINESS - 加载配置文件成功

18:20:22.938 [main] INFO  BUSINESS - 开始创建WeatherApiClient实例
18:20:23.094 [main] INFO  BUSINESS - 创建 HttpClient 实例成功 - 连接超时:5000ms, 读取超时:10000ms, 最大连接数:10, 每路由最大:5, 使用代理:false

18:20:23.114 [main] INFO  BUSINESS - 开始初始化JsonParserHelper
18:20:23.114 [main] INFO  BUSINESS - 初始化JsonParserHelper完成
18:20:23.114 [main] INFO  BUSINESS - 开始初始化WeatherResponseParser
18:20:23.114 [main] INFO  BUSINESS - 创建WeatherApiClient实例成功 - API密钥:abcdefghijklmnopqrstuvwxyz123456, 基础URL:https://api.weather.com/v1,
18:20:23.123 [main] INFO  BUSINESS - 开始创建HttpClient实例
18:20:23.123 [main] INFO  BUSINESS - 开始创建WeatherApiClient实例
18:20:23.124 [main] INFO  BUSINESS - 创建 HttpClient 实例成功 - 连接超时:5000ms, 读取超时:10000ms, 最大连接数:10, 每路由最大:5, 使用代理:false

18:20:23.125 [main] INFO  BUSINESS - 开始初始化JsonParserHelper
18:20:23.125 [main] INFO  BUSINESS - 初始化JsonParserHelper完成
18:20:23.125 [main] INFO  BUSINESS - 开始初始化WeatherResponseParser
18:20:23.125 [main] INFO  BUSINESS - 创建WeatherApiClient实例成功 - API密钥:abcdefghijklmnopqrstuvwxyz123456, 基础URL:https://api.weather.com/v1,
18:20:23.128 [main] INFO  BUSINESS - 开始创建HttpClient实例
18:20:23.128 [main] INFO  BUSINESS - 开始创建WeatherApiClient实例
18:20:23.129 [main] INFO  BUSINESS - 创建 HttpClient 实例成功 - 连接超时:5000ms, 读取超时:10000ms, 最大连接数:10, 每路由最大:5, 使用代理:false

18:20:23.130 [main] INFO  BUSINESS - 开始初始化JsonParserHelper
18:20:23.130 [main] INFO  BUSINESS - 初始化JsonParserHelper完成
18:20:23.130 [main] INFO  BUSINESS - 开始初始化WeatherResponseParser
18:20:23.130 [main] INFO  BUSINESS - 创建WeatherApiClient实例成功 - API密钥:abcdefghijklmnopqrstuvwxyz123456, 基础URL:https://api.weather.com/v1,
18:20:23.134 [main] INFO  BUSINESS - 开始创建HttpClient实例
18:20:23.134 [main] INFO  BUSINESS - 开始创建WeatherApiClient实例
18:20:23.135 [main] INFO  BUSINESS - 创建 HttpClient 实例成功 - 连接超时:5000ms, 读取超时:10000ms, 最大连接数:10, 每路由最大:5, 使用代理:false

18:20:23.135 [main] INFO  BUSINESS - 开始初始化JsonParserHelper
18:20:23.136 [main] INFO  BUSINESS - 初始化JsonParserHelper完成
18:20:23.136 [main] INFO  BUSINESS - 开始初始化WeatherResponseParser
18:20:23.136 [main] INFO  BUSINESS - 创建WeatherApiClient实例成功 - API密钥:abcdefghijklmnopqrstuvwxyz123456, 基础URL:https://api.weather.com/v1,
18:20:23.137 [main] INFO  BUSINESS - 开始执行GET请求 - URL:https://api.weather.com/v1?location=%E5%8C%97%E4%BA%AC&key=abcdefghijklmnopqrstuvwxyz123456&unit=c&lang=zh
18:23:31.723 [main] WARN  BUSINESS - 请求失败，正在重试 - 重试次数:1, 重试延迟:1000ms
18:23:33.009 [main] WARN  BUSINESS - 请求失败，正在重试 - 重试次数:2, 重试延迟:1000ms
18:23:35.109 [main] INFO  BUSINESS - 开始创建HttpClient实例
18:23:35.109 [main] INFO  BUSINESS - 开始创建WeatherApiClient实例
18:23:35.109 [main] INFO  BUSINESS - 创建 HttpClient 实例成功 - 连接超时:5000ms, 读取超时:10000ms, 最大连接数:10, 每路由最大:5, 使用代理:false

18:23:35.110 [main] INFO  BUSINESS - 开始初始化JsonParserHelper
18:23:35.110 [main] INFO  BUSINESS - 初始化JsonParserHelper完成
18:23:35.110 [main] INFO  BUSINESS - 开始初始化WeatherResponseParser
18:23:35.110 [main] INFO  BUSINESS - 创建WeatherApiClient实例成功 - API密钥:abcdefghijklmnopqrstuvwxyz123456, 基础URL:https://api.weather.com/v1,
18:23:35.111 [main] INFO  BUSINESS - 开始创建WeatherApiClient实例
18:23:35.112 [main] INFO  BUSINESS - 开始创建HttpClient实例
18:23:35.112 [main] INFO  BUSINESS - 开始创建WeatherApiClient实例
18:23:35.113 [main] INFO  BUSINESS - 创建 HttpClient 实例成功 - 连接超时:5000ms, 读取超时:10000ms, 最大连接数:10, 每路由最大:5, 使用代理:false

18:23:35.113 [main] INFO  BUSINESS - 开始初始化JsonParserHelper
18:23:35.113 [main] INFO  BUSINESS - 初始化JsonParserHelper完成
18:23:35.113 [main] INFO  BUSINESS - 开始初始化WeatherResponseParser
18:23:35.113 [main] INFO  BUSINESS - 创建WeatherApiClient实例成功 - API密钥:abcdefghijklmnopqrstuvwxyz123456, 基础URL:https://api.weather.com/v1,
18:23:35.115 [main] INFO  BUSINESS - 开始创建HttpClient实例
18:23:35.115 [main] INFO  BUSINESS - 开始创建WeatherApiClient实例
18:23:35.117 [main] INFO  BUSINESS - 创建 HttpClient 实例成功 - 连接超时:5000ms, 读取超时:10000ms, 最大连接数:10, 每路由最大:5, 使用代理:false

18:23:35.117 [main] INFO  BUSINESS - 开始初始化JsonParserHelper
18:23:35.118 [main] INFO  BUSINESS - 初始化JsonParserHelper完成
18:23:35.118 [main] INFO  BUSINESS - 开始初始化WeatherResponseParser
18:23:35.118 [main] INFO  BUSINESS - 创建WeatherApiClient实例成功 - API密钥:abcdefghijklmnopqrstuvwxyz123456, 基础URL:https://api.weather.com/v1,
18:23:35.125 [main] INFO  BUSINESS - 开始创建HttpClient实例
18:23:35.125 [main] INFO  BUSINESS - 开始创建WeatherApiClient实例
18:23:35.125 [main] INFO  BUSINESS - 创建 HttpClient 实例成功 - 连接超时:5000ms, 读取超时:10000ms, 最大连接数:10, 每路由最大:5, 使用代理:false

18:23:35.126 [main] INFO  BUSINESS - 开始初始化JsonParserHelper
18:23:35.126 [main] INFO  BUSINESS - 初始化JsonParserHelper完成
18:23:35.126 [main] INFO  BUSINESS - 开始初始化WeatherResponseParser
18:23:35.126 [main] INFO  BUSINESS - 创建WeatherApiClient实例成功 - API密钥:abcdefghijklmnopqrstuvwxyz123456, 基础URL:https://api.weather.com/v1,
18:23:35.128 [main] INFO  BUSINESS - 开始创建HttpClient实例
18:23:35.128 [main] INFO  BUSINESS - 开始创建WeatherApiClient实例
18:23:35.128 [main] INFO  BUSINESS - 创建 HttpClient 实例成功 - 连接超时:5000ms, 读取超时:10000ms, 最大连接数:10, 每路由最大:5, 使用代理:false

18:23:35.129 [main] INFO  BUSINESS - 开始初始化JsonParserHelper
18:23:35.129 [main] INFO  BUSINESS - 初始化JsonParserHelper完成
18:23:35.129 [main] INFO  BUSINESS - 开始初始化WeatherResponseParser
18:23:35.129 [main] INFO  BUSINESS - 创建WeatherApiClient实例成功 - API密钥:abcdefghijklmnopqrstuvwxyz123456, 基础URL:https://api.weather.com/v1,
18:23:35.130 [main] INFO  BUSINESS - 开始创建HttpClient实例
18:23:35.130 [main] INFO  BUSINESS - 开始创建WeatherApiClient实例
18:23:35.131 [main] INFO  BUSINESS - 创建 HttpClient 实例成功 - 连接超时:5000ms, 读取超时:10000ms, 最大连接数:10, 每路由最大:5, 使用代理:false

18:23:35.131 [main] INFO  BUSINESS - 开始初始化JsonParserHelper
18:23:35.132 [main] INFO  BUSINESS - 初始化JsonParserHelper完成
18:23:35.132 [main] INFO  BUSINESS - 开始初始化WeatherResponseParser
18:23:35.132 [main] INFO  BUSINESS - 创建WeatherApiClient实例成功 - API密钥:abcdefghijklmnopqrstuvwxyz123456, 基础URL:https://api.weather.com/v1,
18:23:35.132 [main] INFO  BUSINESS - 开始创建WeatherApiClient实例
18:23:35.133 [main] INFO  BUSINESS - 开始创建HttpClient实例
18:23:35.133 [main] INFO  BUSINESS - 开始创建WeatherApiClient实例
18:23:35.133 [main] INFO  BUSINESS - 创建 HttpClient 实例成功 - 连接超时:5000ms, 读取超时:10000ms, 最大连接数:10, 每路由最大:5, 使用代理:false

18:23:35.134 [main] INFO  BUSINESS - 开始初始化JsonParserHelper
18:23:35.134 [main] INFO  BUSINESS - 初始化JsonParserHelper完成
18:23:35.134 [main] INFO  BUSINESS - 开始初始化WeatherResponseParser
18:23:35.134 [main] INFO  BUSINESS - 创建WeatherApiClient实例成功 - API密钥:abcdefghijklmnopqrstuvwxyz123456, 基础URL:https://api.weather.com/v1,
18:23:35.135 [main] INFO  BUSINESS - 开始创建HttpClient实例
18:23:35.135 [main] INFO  BUSINESS - 开始创建WeatherApiClient实例
18:23:35.136 [main] INFO  BUSINESS - 创建 HttpClient 实例成功 - 连接超时:5000ms, 读取超时:10000ms, 最大连接数:10, 每路由最大:5, 使用代理:false

18:23:35.136 [main] INFO  BUSINESS - 开始初始化JsonParserHelper
18:23:35.136 [main] INFO  BUSINESS - 初始化JsonParserHelper完成
18:23:35.136 [main] INFO  BUSINESS - 开始初始化WeatherResponseParser
18:23:35.136 [main] INFO  BUSINESS - 创建WeatherApiClient实例成功 - API密钥:abcdefghijklmnopqrstuvwxyz123456, 基础URL:https://api.weather.com/v1,
18:23:35.137 [main] INFO  BUSINESS - 开始创建HttpClient实例
18:23:35.137 [main] INFO  BUSINESS - 开始创建WeatherApiClient实例
18:23:35.138 [main] INFO  BUSINESS - 创建 HttpClient 实例成功 - 连接超时:5000ms, 读取超时:10000ms, 最大连接数:10, 每路由最大:5, 使用代理:false

18:23:35.139 [main] INFO  BUSINESS - 开始初始化JsonParserHelper
18:23:35.139 [main] INFO  BUSINESS - 初始化JsonParserHelper完成
18:23:35.139 [main] INFO  BUSINESS - 开始初始化WeatherResponseParser
18:23:35.139 [main] INFO  BUSINESS - 创建WeatherApiClient实例成功 - API密钥:abcdefghijklmnopqrstuvwxyz123456, 基础URL:https://api.weather.com/v1,
18:23:35.140 [main] INFO  BUSINESS - 开始创建HttpClient实例
18:23:35.140 [main] INFO  BUSINESS - 开始创建WeatherApiClient实例
18:23:35.141 [main] INFO  BUSINESS - 创建 HttpClient 实例成功 - 连接超时:5000ms, 读取超时:10000ms, 最大连接数:10, 每路由最大:5, 使用代理:false

18:23:35.141 [main] INFO  BUSINESS - 开始初始化JsonParserHelper
18:23:35.141 [main] INFO  BUSINESS - 初始化JsonParserHelper完成
18:23:35.141 [main] INFO  BUSINESS - 开始初始化WeatherResponseParser
18:23:35.141 [main] INFO  BUSINESS - 创建WeatherApiClient实例成功 - API密钥:abcdefghijklmnopqrstuvwxyz123456, 基础URL:https://api.weather.com/v1,
18:23:35.144 [main] INFO  BUSINESS - 开始创建HttpClient实例
18:23:35.144 [main] INFO  BUSINESS - 开始创建WeatherApiClient实例
18:23:35.144 [main] INFO  BUSINESS - 创建 HttpClient 实例成功 - 连接超时:5000ms, 读取超时:10000ms, 最大连接数:10, 每路由最大:5, 使用代理:false

18:23:35.145 [main] INFO  BUSINESS - 开始初始化JsonParserHelper
18:23:35.145 [main] INFO  BUSINESS - 初始化JsonParserHelper完成
18:23:35.145 [main] INFO  BUSINESS - 开始初始化WeatherResponseParser
18:23:35.145 [main] INFO  BUSINESS - 创建WeatherApiClient实例成功 - API密钥:abcdefghijklmnopqrstuvwxyz123456, 基础URL:https://api.weather.com/v1,
18:23:35.145 [main] INFO  BUSINESS - 开始创建WeatherApiClient实例
18:29:04.390 [main] INFO  BUSINESS - 开始创建HttpClient实例
18:29:04.395 [main] INFO  BUSINESS - 开始加载配置文件
18:29:04.395 [main] INFO  BUSINESS - 加载配置文件成功

18:29:04.396 [main] INFO  BUSINESS - 开始创建WeatherApiClient实例
18:29:04.539 [main] INFO  BUSINESS - 创建 HttpClient 实例成功 - 连接超时:5000ms, 读取超时:10000ms, 最大连接数:10, 每路由最大:5, 使用代理:false

18:29:04.561 [main] INFO  BUSINESS - 开始初始化JsonParserHelper
18:29:04.561 [main] INFO  BUSINESS - 初始化JsonParserHelper完成
18:29:04.561 [main] INFO  BUSINESS - 开始初始化WeatherResponseParser
18:29:04.561 [main] INFO  BUSINESS - 创建WeatherApiClient实例成功 - API密钥:abcdefghijklmnopqrstuvwxyz123456, 基础URL:https://api.weather.com/v1,
18:29:04.570 [main] INFO  BUSINESS - 开始创建HttpClient实例
18:29:04.570 [main] INFO  BUSINESS - 开始创建WeatherApiClient实例
18:29:04.571 [main] INFO  BUSINESS - 创建 HttpClient 实例成功 - 连接超时:5000ms, 读取超时:10000ms, 最大连接数:10, 每路由最大:5, 使用代理:false

18:29:04.572 [main] INFO  BUSINESS - 开始初始化JsonParserHelper
18:29:04.572 [main] INFO  BUSINESS - 初始化JsonParserHelper完成
18:29:04.572 [main] INFO  BUSINESS - 开始初始化WeatherResponseParser
18:29:04.572 [main] INFO  BUSINESS - 创建WeatherApiClient实例成功 - API密钥:abcdefghijklmnopqrstuvwxyz123456, 基础URL:https://api.weather.com/v1,
18:29:04.576 [main] INFO  BUSINESS - 开始创建HttpClient实例
18:29:04.576 [main] INFO  BUSINESS - 开始创建WeatherApiClient实例
18:29:04.577 [main] INFO  BUSINESS - 创建 HttpClient 实例成功 - 连接超时:5000ms, 读取超时:10000ms, 最大连接数:10, 每路由最大:5, 使用代理:false

18:29:04.578 [main] INFO  BUSINESS - 开始初始化JsonParserHelper
18:29:04.578 [main] INFO  BUSINESS - 初始化JsonParserHelper完成
18:29:04.578 [main] INFO  BUSINESS - 开始初始化WeatherResponseParser
18:29:04.578 [main] INFO  BUSINESS - 创建WeatherApiClient实例成功 - API密钥:abcdefghijklmnopqrstuvwxyz123456, 基础URL:https://api.weather.com/v1,
18:29:04.582 [main] INFO  BUSINESS - 开始创建HttpClient实例
18:29:04.582 [main] INFO  BUSINESS - 开始创建WeatherApiClient实例
18:29:04.583 [main] INFO  BUSINESS - 创建 HttpClient 实例成功 - 连接超时:5000ms, 读取超时:10000ms, 最大连接数:10, 每路由最大:5, 使用代理:false

18:29:04.584 [main] INFO  BUSINESS - 开始初始化JsonParserHelper
18:29:04.584 [main] INFO  BUSINESS - 初始化JsonParserHelper完成
18:29:04.584 [main] INFO  BUSINESS - 开始初始化WeatherResponseParser
18:29:04.584 [main] INFO  BUSINESS - 创建WeatherApiClient实例成功 - API密钥:abcdefghijklmnopqrstuvwxyz123456, 基础URL:https://api.weather.com/v1,
18:29:04.585 [main] INFO  BUSINESS - 开始执行GET请求 - URL:https://api.weather.com/v1?location=%E5%8C%97%E4%BA%AC&key=abcdefghijklmnopqrstuvwxyz123456&unit=c&lang=zh
18:29:08.313 [main] WARN  BUSINESS - 请求失败，正在重试 - 重试次数:1, 重试延迟:1000ms
18:29:14.473 [main] WARN  BUSINESS - 请求失败，正在重试 - 重试次数:2, 重试延迟:1000ms
18:29:17.047 [main] INFO  BUSINESS - 开始创建HttpClient实例
18:29:17.047 [main] INFO  BUSINESS - 开始创建WeatherApiClient实例
18:29:17.048 [main] INFO  BUSINESS - 创建 HttpClient 实例成功 - 连接超时:5000ms, 读取超时:10000ms, 最大连接数:10, 每路由最大:5, 使用代理:false

18:29:17.049 [main] INFO  BUSINESS - 开始初始化JsonParserHelper
18:29:17.049 [main] INFO  BUSINESS - 初始化JsonParserHelper完成
18:29:17.049 [main] INFO  BUSINESS - 开始初始化WeatherResponseParser
18:29:17.049 [main] INFO  BUSINESS - 创建WeatherApiClient实例成功 - API密钥:abcdefghijklmnopqrstuvwxyz123456, 基础URL:https://api.weather.com/v1,
18:29:17.050 [main] INFO  BUSINESS - 开始创建WeatherApiClient实例
18:29:17.051 [main] INFO  BUSINESS - 开始创建HttpClient实例
18:29:17.051 [main] INFO  BUSINESS - 开始创建WeatherApiClient实例
18:29:17.051 [main] INFO  BUSINESS - 创建 HttpClient 实例成功 - 连接超时:5000ms, 读取超时:10000ms, 最大连接数:10, 每路由最大:5, 使用代理:false

18:29:17.052 [main] INFO  BUSINESS - 开始初始化JsonParserHelper
18:29:17.052 [main] INFO  BUSINESS - 初始化JsonParserHelper完成
18:29:17.052 [main] INFO  BUSINESS - 开始初始化WeatherResponseParser
18:29:17.052 [main] INFO  BUSINESS - 创建WeatherApiClient实例成功 - API密钥:abcdefghijklmnopqrstuvwxyz123456, 基础URL:https://api.weather.com/v1,
18:29:17.054 [main] INFO  BUSINESS - 开始创建HttpClient实例
18:29:17.054 [main] INFO  BUSINESS - 开始创建WeatherApiClient实例
18:29:17.054 [main] INFO  BUSINESS - 创建 HttpClient 实例成功 - 连接超时:5000ms, 读取超时:10000ms, 最大连接数:10, 每路由最大:5, 使用代理:false

18:29:17.054 [main] INFO  BUSINESS - 开始初始化JsonParserHelper
18:29:17.055 [main] INFO  BUSINESS - 初始化JsonParserHelper完成
18:29:17.055 [main] INFO  BUSINESS - 开始初始化WeatherResponseParser
18:29:17.055 [main] INFO  BUSINESS - 创建WeatherApiClient实例成功 - API密钥:abcdefghijklmnopqrstuvwxyz123456, 基础URL:https://api.weather.com/v1,
18:29:17.056 [main] INFO  BUSINESS - 开始创建HttpClient实例
18:29:17.056 [main] INFO  BUSINESS - 开始创建WeatherApiClient实例
18:29:17.057 [main] INFO  BUSINESS - 创建 HttpClient 实例成功 - 连接超时:5000ms, 读取超时:10000ms, 最大连接数:10, 每路由最大:5, 使用代理:false

18:29:17.057 [main] INFO  BUSINESS - 开始初始化JsonParserHelper
18:29:17.058 [main] INFO  BUSINESS - 初始化JsonParserHelper完成
18:29:17.058 [main] INFO  BUSINESS - 开始初始化WeatherResponseParser
18:29:17.058 [main] INFO  BUSINESS - 创建WeatherApiClient实例成功 - API密钥:abcdefghijklmnopqrstuvwxyz123456, 基础URL:https://api.weather.com/v1,
18:29:17.060 [main] INFO  BUSINESS - 开始创建HttpClient实例
18:29:17.060 [main] INFO  BUSINESS - 开始创建WeatherApiClient实例
18:29:17.060 [main] INFO  BUSINESS - 创建 HttpClient 实例成功 - 连接超时:5000ms, 读取超时:10000ms, 最大连接数:10, 每路由最大:5, 使用代理:false

18:29:17.061 [main] INFO  BUSINESS - 开始初始化JsonParserHelper
18:29:17.061 [main] INFO  BUSINESS - 初始化JsonParserHelper完成
18:29:17.061 [main] INFO  BUSINESS - 开始初始化WeatherResponseParser
18:29:17.061 [main] INFO  BUSINESS - 创建WeatherApiClient实例成功 - API密钥:abcdefghijklmnopqrstuvwxyz123456, 基础URL:https://api.weather.com/v1,
18:29:17.063 [main] INFO  BUSINESS - 开始创建HttpClient实例
18:29:17.063 [main] INFO  BUSINESS - 开始创建WeatherApiClient实例
18:29:17.063 [main] INFO  BUSINESS - 创建 HttpClient 实例成功 - 连接超时:5000ms, 读取超时:10000ms, 最大连接数:10, 每路由最大:5, 使用代理:false

18:29:17.064 [main] INFO  BUSINESS - 开始初始化JsonParserHelper
18:29:17.064 [main] INFO  BUSINESS - 初始化JsonParserHelper完成
18:29:17.064 [main] INFO  BUSINESS - 开始初始化WeatherResponseParser
18:29:17.064 [main] INFO  BUSINESS - 创建WeatherApiClient实例成功 - API密钥:abcdefghijklmnopqrstuvwxyz123456, 基础URL:https://api.weather.com/v1,
18:29:17.065 [main] INFO  BUSINESS - 开始创建WeatherApiClient实例
18:29:17.066 [main] INFO  BUSINESS - 开始创建HttpClient实例
18:29:17.066 [main] INFO  BUSINESS - 开始创建WeatherApiClient实例
18:29:17.066 [main] INFO  BUSINESS - 创建 HttpClient 实例成功 - 连接超时:5000ms, 读取超时:10000ms, 最大连接数:10, 每路由最大:5, 使用代理:false

18:29:17.067 [main] INFO  BUSINESS - 开始初始化JsonParserHelper
18:29:17.067 [main] INFO  BUSINESS - 初始化JsonParserHelper完成
18:29:17.067 [main] INFO  BUSINESS - 开始初始化WeatherResponseParser
18:29:17.067 [main] INFO  BUSINESS - 创建WeatherApiClient实例成功 - API密钥:abcdefghijklmnopqrstuvwxyz123456, 基础URL:https://api.weather.com/v1,
18:29:17.068 [main] INFO  BUSINESS - 开始创建HttpClient实例
18:29:17.068 [main] INFO  BUSINESS - 开始创建WeatherApiClient实例
18:29:17.069 [main] INFO  BUSINESS - 创建 HttpClient 实例成功 - 连接超时:5000ms, 读取超时:10000ms, 最大连接数:10, 每路由最大:5, 使用代理:false

18:29:17.069 [main] INFO  BUSINESS - 开始初始化JsonParserHelper
18:29:17.069 [main] INFO  BUSINESS - 初始化JsonParserHelper完成
18:29:17.069 [main] INFO  BUSINESS - 开始初始化WeatherResponseParser
18:29:17.069 [main] INFO  BUSINESS - 创建WeatherApiClient实例成功 - API密钥:abcdefghijklmnopqrstuvwxyz123456, 基础URL:https://api.weather.com/v1,
18:29:17.071 [main] INFO  BUSINESS - 开始创建HttpClient实例
18:29:17.071 [main] INFO  BUSINESS - 开始创建WeatherApiClient实例
18:29:17.071 [main] INFO  BUSINESS - 创建 HttpClient 实例成功 - 连接超时:5000ms, 读取超时:10000ms, 最大连接数:10, 每路由最大:5, 使用代理:false

18:29:17.072 [main] INFO  BUSINESS - 开始初始化JsonParserHelper
18:29:17.072 [main] INFO  BUSINESS - 初始化JsonParserHelper完成
18:29:17.072 [main] INFO  BUSINESS - 开始初始化WeatherResponseParser
18:29:17.072 [main] INFO  BUSINESS - 创建WeatherApiClient实例成功 - API密钥:abcdefghijklmnopqrstuvwxyz123456, 基础URL:https://api.weather.com/v1,
18:29:17.075 [main] INFO  BUSINESS - 开始创建HttpClient实例
18:29:17.075 [main] INFO  BUSINESS - 开始创建WeatherApiClient实例
18:29:17.075 [main] INFO  BUSINESS - 创建 HttpClient 实例成功 - 连接超时:5000ms, 读取超时:10000ms, 最大连接数:10, 每路由最大:5, 使用代理:false

18:29:17.076 [main] INFO  BUSINESS - 开始初始化JsonParserHelper
18:29:17.076 [main] INFO  BUSINESS - 初始化JsonParserHelper完成
18:29:17.076 [main] INFO  BUSINESS - 开始初始化WeatherResponseParser
18:29:17.076 [main] INFO  BUSINESS - 创建WeatherApiClient实例成功 - API密钥:abcdefghijklmnopqrstuvwxyz123456, 基础URL:https://api.weather.com/v1,
18:29:17.077 [main] INFO  BUSINESS - 开始创建HttpClient实例
18:29:17.078 [main] INFO  BUSINESS - 开始创建WeatherApiClient实例
18:29:17.078 [main] INFO  BUSINESS - 创建 HttpClient 实例成功 - 连接超时:5000ms, 读取超时:10000ms, 最大连接数:10, 每路由最大:5, 使用代理:false

18:29:17.079 [main] INFO  BUSINESS - 开始初始化JsonParserHelper
18:29:17.079 [main] INFO  BUSINESS - 初始化JsonParserHelper完成
18:29:17.079 [main] INFO  BUSINESS - 开始初始化WeatherResponseParser
18:29:17.079 [main] INFO  BUSINESS - 创建WeatherApiClient实例成功 - API密钥:abcdefghijklmnopqrstuvwxyz123456, 基础URL:https://api.weather.com/v1,
18:29:17.079 [main] INFO  BUSINESS - 开始创建WeatherApiClient实例
18:37:05.709 [main] INFO  BUSINESS - 开始记录Location：城市=上海, 经度=121.5, 纬度=31.0, 时区=Asia/Shanghai
18:37:05.710 [main] WARN  BUSINESS - 数据记录失败,异常原因如下：国家: *** 错误

18:37:05.723 [main] INFO  BUSINESS - 开始记录WeatherData：温度=25.0, 湿度=60, 天气=晴, 风速=10.0, 能见度=100, 更新时间=2026-04-05T18:37:05.723817600, 体感温度=28.0
18:37:05.724 [main] INFO  BUSINESS - 数据记录成功

18:37:05.729 [main] INFO  BUSINESS - 开始记录WeatherData：温度=2500000.0, 湿度=60000000, 天气=晴, 风速=10.0, 能见度=100, 更新时间=2026-04-05T18:37:05.729001300, 体感温度=28.0
18:37:05.729 [main] WARN  BUSINESS - 数据记录失败,异常原因如下：温度: 2500000.0 异常, 湿度: 60000000 异常

18:37:05.729 [main] INFO  BUSINESS - 开始记录Location：城市=上海**, 经度=121.5, 纬度=31.0, 时区=Asia/Shanghai
18:37:05.729 [main] WARN  BUSINESS - 数据记录失败,异常原因如下：城市: 上海** 错误

18:37:05.730 [main] INFO  BUSINESS - 开始记录WeatherResponse：状态码=20000, 状态消息=成功
18:37:05.730 [main] WARN  BUSINESS - 数据记录失败,异常原因如下：天气: null 错误, 更新时间错误为null

18:37:05.730 [main] WARN  BUSINESS - 数据记录失败,异常原因如下：城市: null 错误, 城市ID: null 错误, 国家: null 错误, 时区: null 错误

18:37:05.730 [main] WARN  BUSINESS - 数据记录失败,异常原因如下：数据无效：WeatherData无效, 数据无效：Location无效, 状态码: 20000 错误

18:37:06.830 [main] INFO  BUSINESS - 开始初始化JsonParserHelper
18:37:06.835 [main] INFO  BUSINESS - 开始加载配置文件
18:37:06.835 [main] INFO  BUSINESS - 加载配置文件成功

18:37:06.836 [main] INFO  BUSINESS - 初始化JsonParserHelper完成
18:37:06.852 [main] WARN  BUSINESS - 缺少必要字段：temperature
18:37:06.861 [main] INFO  BUSINESS - 开始初始化JsonParserHelper
18:37:06.861 [main] INFO  BUSINESS - 初始化JsonParserHelper完成
18:37:06.947 [main] INFO  BUSINESS - 开始初始化JsonParserHelper
18:37:06.947 [main] INFO  BUSINESS - 初始化JsonParserHelper完成
18:37:06.950 [main] INFO  BUSINESS - 开始初始化JsonParserHelper
18:37:06.950 [main] INFO  BUSINESS - 初始化JsonParserHelper完成
18:37:06.952 [main] INFO  BUSINESS - 开始记录WeatherData：温度=25.5, 湿度=60, 天气=晴, 风速=3.2, 能见度=10, 更新时间=2026-04-05T18:37:06.951319600, 体感温度=26.0
18:37:06.952 [main] INFO  BUSINESS - 数据记录成功

18:37:06.993 [main] INFO  BUSINESS - 开始初始化JsonParserHelper
18:37:06.993 [main] INFO  BUSINESS - 初始化JsonParserHelper完成
18:37:06.995 [main] INFO  BUSINESS - 开始初始化JsonParserHelper
18:37:06.995 [main] INFO  BUSINESS - 初始化JsonParserHelper完成
18:37:06.997 [main] INFO  BUSINESS - 开始初始化JsonParserHelper
18:37:06.997 [main] INFO  BUSINESS - 初始化JsonParserHelper完成
18:37:06.999 [main] INFO  BUSINESS - 开始初始化JsonParserHelper
18:37:06.999 [main] INFO  BUSINESS - 初始化JsonParserHelper完成
18:37:07.000 [main] INFO  BUSINESS - 设置默认字段值：temperature
18:37:07.000 [main] INFO  BUSINESS - 设置默认字段值：humidity
18:37:07.000 [main] INFO  BUSINESS - 开始初始化JsonParserHelper
18:37:07.000 [main] INFO  BUSINESS - 初始化JsonParserHelper完成
18:37:07.001 [main] INFO  BUSINESS - 开始初始化JsonParserHelper
18:37:07.002 [main] INFO  BUSINESS - 初始化JsonParserHelper完成
18:37:07.003 [main] INFO  BUSINESS - 开始初始化JsonParserHelper
18:37:07.004 [main] INFO  BUSINESS - 初始化JsonParserHelper完成
18:37:07.012 [main] INFO  BUSINESS - 开始初始化JsonParserHelper
18:37:07.012 [main] INFO  BUSINESS - 初始化JsonParserHelper完成
18:37:07.012 [main] INFO  BUSINESS - 开始初始化WeatherResponseParser
18:37:07.028 [main] INFO  BUSINESS - 开始初始化JsonParserHelper
18:37:07.028 [main] INFO  BUSINESS - 初始化JsonParserHelper完成
18:37:07.028 [main] INFO  BUSINESS - 开始初始化WeatherResponseParser
18:37:07.029 [main] INFO  BUSINESS - 开始初始化JsonParserHelper
18:37:07.030 [main] INFO  BUSINESS - 初始化JsonParserHelper完成
18:37:07.030 [main] INFO  BUSINESS - 开始初始化WeatherResponseParser
18:37:07.031 [main] INFO  BUSINESS - 开始初始化JsonParserHelper
18:37:07.031 [main] INFO  BUSINESS - 初始化JsonParserHelper完成
18:37:07.031 [main] INFO  BUSINESS - 开始初始化WeatherResponseParser
18:37:07.035 [main] INFO  BUSINESS - 开始初始化JsonParserHelper
18:37:07.035 [main] INFO  BUSINESS - 初始化JsonParserHelper完成
18:37:07.035 [main] INFO  BUSINESS - 开始初始化WeatherResponseParser
18:37:07.041 [main] INFO  BUSINESS - 开始初始化JsonParserHelper
18:37:07.041 [main] INFO  BUSINESS - 初始化JsonParserHelper完成
18:37:07.041 [main] INFO  BUSINESS - 开始初始化WeatherResponseParser
18:37:07.042 [main] INFO  BUSINESS - 开始初始化JsonParserHelper
18:37:07.042 [main] INFO  BUSINESS - 初始化JsonParserHelper完成
18:37:07.042 [main] INFO  BUSINESS - 开始初始化WeatherResponseParser
18:37:07.043 [main] INFO  BUSINESS - 开始初始化JsonParserHelper
18:37:07.043 [main] INFO  BUSINESS - 初始化JsonParserHelper完成
18:37:07.043 [main] INFO  BUSINESS - 开始初始化WeatherResponseParser
18:37:07.044 [main] INFO  BUSINESS - 开始初始化WeatherResponseParser
18:37:07.044 [main] ERROR BUSINESS - 初始化WeatherResponseParser失败
18:37:07.045 [main] INFO  BUSINESS - 开始初始化JsonParserHelper
18:37:07.045 [main] INFO  BUSINESS - 初始化JsonParserHelper完成
18:37:07.045 [main] INFO  BUSINESS - 开始初始化WeatherResponseParser
18:37:07.046 [main] INFO  BUSINESS - 开始初始化JsonParserHelper
18:37:07.046 [main] INFO  BUSINESS - 初始化JsonParserHelper完成
18:37:07.046 [main] INFO  BUSINESS - 开始初始化WeatherResponseParser
18:37:08.132 [main] INFO  BUSINESS - 开始创建HttpClient实例
18:37:08.136 [main] INFO  BUSINESS - 开始加载配置文件
18:37:08.137 [main] INFO  BUSINESS - 加载配置文件成功

18:37:08.138 [main] INFO  BUSINESS - 开始创建WeatherApiClient实例
18:37:08.282 [main] INFO  BUSINESS - 创建 HttpClient 实例成功 - 连接超时:5000ms, 读取超时:10000ms, 最大连接数:10, 每路由最大:5, 使用代理:false

18:37:08.304 [main] INFO  BUSINESS - 开始初始化JsonParserHelper
18:37:08.304 [main] INFO  BUSINESS - 初始化JsonParserHelper完成
18:37:08.304 [main] INFO  BUSINESS - 开始初始化WeatherResponseParser
18:37:08.304 [main] INFO  BUSINESS - 创建WeatherApiClient实例成功 - API密钥:abcdefghijklmnopqrstuvwxyz123456, 基础URL:https://api.weather.com/v1,
18:37:08.313 [main] INFO  BUSINESS - 开始创建HttpClient实例
18:37:08.313 [main] INFO  BUSINESS - 开始创建WeatherApiClient实例
18:37:08.314 [main] INFO  BUSINESS - 创建 HttpClient 实例成功 - 连接超时:5000ms, 读取超时:10000ms, 最大连接数:10, 每路由最大:5, 使用代理:false

18:37:08.315 [main] INFO  BUSINESS - 开始初始化JsonParserHelper
18:37:08.315 [main] INFO  BUSINESS - 初始化JsonParserHelper完成
18:37:08.315 [main] INFO  BUSINESS - 开始初始化WeatherResponseParser
18:37:08.315 [main] INFO  BUSINESS - 创建WeatherApiClient实例成功 - API密钥:abcdefghijklmnopqrstuvwxyz123456, 基础URL:https://api.weather.com/v1,
18:37:08.318 [main] INFO  BUSINESS - 开始创建HttpClient实例
18:37:08.318 [main] INFO  BUSINESS - 开始创建WeatherApiClient实例
18:37:08.319 [main] INFO  BUSINESS - 创建 HttpClient 实例成功 - 连接超时:5000ms, 读取超时:10000ms, 最大连接数:10, 每路由最大:5, 使用代理:false

18:37:08.319 [main] INFO  BUSINESS - 开始初始化JsonParserHelper
18:37:08.319 [main] INFO  BUSINESS - 初始化JsonParserHelper完成
18:37:08.320 [main] INFO  BUSINESS - 开始初始化WeatherResponseParser
18:37:08.320 [main] INFO  BUSINESS - 创建WeatherApiClient实例成功 - API密钥:abcdefghijklmnopqrstuvwxyz123456, 基础URL:https://api.weather.com/v1,
18:37:08.323 [main] INFO  BUSINESS - 开始创建HttpClient实例
18:37:08.323 [main] INFO  BUSINESS - 开始创建WeatherApiClient实例
18:37:08.324 [main] INFO  BUSINESS - 创建 HttpClient 实例成功 - 连接超时:5000ms, 读取超时:10000ms, 最大连接数:10, 每路由最大:5, 使用代理:false

18:37:08.325 [main] INFO  BUSINESS - 开始初始化JsonParserHelper
18:37:08.325 [main] INFO  BUSINESS - 初始化JsonParserHelper完成
18:37:08.325 [main] INFO  BUSINESS - 开始初始化WeatherResponseParser
18:37:08.325 [main] INFO  BUSINESS - 创建WeatherApiClient实例成功 - API密钥:abcdefghijklmnopqrstuvwxyz123456, 基础URL:https://api.weather.com/v1,
18:37:08.325 [main] INFO  BUSINESS - 开始执行GET请求 - URL:https://api.weather.com/v1?location=%E5%8C%97%E4%BA%AC&key=abcdefghijklmnopqrstuvwxyz123456&unit=c&lang=zh
18:37:12.292 [main] WARN  BUSINESS - 请求失败，正在重试 - 重试次数:1, 重试延迟:1000ms
18:37:15.172 [main] WARN  BUSINESS - 请求失败，正在重试 - 重试次数:2, 重试延迟:1000ms
18:37:16.466 [main] INFO  BUSINESS - 开始创建HttpClient实例
18:37:16.466 [main] INFO  BUSINESS - 开始创建WeatherApiClient实例
18:37:16.466 [main] INFO  BUSINESS - 创建 HttpClient 实例成功 - 连接超时:5000ms, 读取超时:10000ms, 最大连接数:10, 每路由最大:5, 使用代理:false

18:37:16.467 [main] INFO  BUSINESS - 开始初始化JsonParserHelper
18:37:16.467 [main] INFO  BUSINESS - 初始化JsonParserHelper完成
18:37:16.467 [main] INFO  BUSINESS - 开始初始化WeatherResponseParser
18:37:16.467 [main] INFO  BUSINESS - 创建WeatherApiClient实例成功 - API密钥:abcdefghijklmnopqrstuvwxyz123456, 基础URL:https://api.weather.com/v1,
18:37:16.467 [main] INFO  BUSINESS - 开始创建WeatherApiClient实例
18:37:16.469 [main] INFO  BUSINESS - 开始创建HttpClient实例
18:37:16.469 [main] INFO  BUSINESS - 开始创建WeatherApiClient实例
18:37:16.469 [main] INFO  BUSINESS - 创建 HttpClient 实例成功 - 连接超时:5000ms, 读取超时:10000ms, 最大连接数:10, 每路由最大:5, 使用代理:false

18:37:16.469 [main] INFO  BUSINESS - 开始初始化JsonParserHelper
18:37:16.470 [main] INFO  BUSINESS - 初始化JsonParserHelper完成
18:37:16.470 [main] INFO  BUSINESS - 开始初始化WeatherResponseParser
18:37:16.470 [main] INFO  BUSINESS - 创建WeatherApiClient实例成功 - API密钥:abcdefghijklmnopqrstuvwxyz123456, 基础URL:https://api.weather.com/v1,
18:37:16.471 [main] INFO  BUSINESS - 开始创建HttpClient实例
18:37:16.471 [main] INFO  BUSINESS - 开始创建WeatherApiClient实例
18:37:16.471 [main] INFO  BUSINESS - 创建 HttpClient 实例成功 - 连接超时:5000ms, 读取超时:10000ms, 最大连接数:10, 每路由最大:5, 使用代理:false

18:37:16.472 [main] INFO  BUSINESS - 开始初始化JsonParserHelper
18:37:16.472 [main] INFO  BUSINESS - 初始化JsonParserHelper完成
18:37:16.472 [main] INFO  BUSINESS - 开始初始化WeatherResponseParser
18:37:16.472 [main] INFO  BUSINESS - 创建WeatherApiClient实例成功 - API密钥:abcdefghijklmnopqrstuvwxyz123456, 基础URL:https://api.weather.com/v1,
18:37:16.473 [main] INFO  BUSINESS - 开始创建HttpClient实例
18:37:16.473 [main] INFO  BUSINESS - 开始创建WeatherApiClient实例
18:37:16.474 [main] INFO  BUSINESS - 创建 HttpClient 实例成功 - 连接超时:5000ms, 读取超时:10000ms, 最大连接数:10, 每路由最大:5, 使用代理:false

18:37:16.474 [main] INFO  BUSINESS - 开始初始化JsonParserHelper
18:37:16.474 [main] INFO  BUSINESS - 初始化JsonParserHelper完成
18:37:16.474 [main] INFO  BUSINESS - 开始初始化WeatherResponseParser
18:37:16.474 [main] INFO  BUSINESS - 创建WeatherApiClient实例成功 - API密钥:abcdefghijklmnopqrstuvwxyz123456, 基础URL:https://api.weather.com/v1,
18:37:16.475 [main] INFO  BUSINESS - 开始创建HttpClient实例
18:37:16.475 [main] INFO  BUSINESS - 开始创建WeatherApiClient实例
18:37:16.476 [main] INFO  BUSINESS - 创建 HttpClient 实例成功 - 连接超时:5000ms, 读取超时:10000ms, 最大连接数:10, 每路由最大:5, 使用代理:false

18:37:16.476 [main] INFO  BUSINESS - 开始初始化JsonParserHelper
18:37:16.476 [main] INFO  BUSINESS - 初始化JsonParserHelper完成
18:37:16.476 [main] INFO  BUSINESS - 开始初始化WeatherResponseParser
18:37:16.476 [main] INFO  BUSINESS - 创建WeatherApiClient实例成功 - API密钥:abcdefghijklmnopqrstuvwxyz123456, 基础URL:https://api.weather.com/v1,
18:37:16.478 [main] INFO  BUSINESS - 开始创建HttpClient实例
18:37:16.478 [main] INFO  BUSINESS - 开始创建WeatherApiClient实例
18:37:16.478 [main] INFO  BUSINESS - 创建 HttpClient 实例成功 - 连接超时:5000ms, 读取超时:10000ms, 最大连接数:10, 每路由最大:5, 使用代理:false

18:37:16.479 [main] INFO  BUSINESS - 开始初始化JsonParserHelper
18:37:16.479 [main] INFO  BUSINESS - 初始化JsonParserHelper完成
18:37:16.479 [main] INFO  BUSINESS - 开始初始化WeatherResponseParser
18:37:16.479 [main] INFO  BUSINESS - 创建WeatherApiClient实例成功 - API密钥:abcdefghijklmnopqrstuvwxyz123456, 基础URL:https://api.weather.com/v1,
18:37:16.480 [main] INFO  BUSINESS - 开始创建WeatherApiClient实例
18:37:16.482 [main] INFO  BUSINESS - 开始创建HttpClient实例
18:37:16.482 [main] INFO  BUSINESS - 开始创建WeatherApiClient实例
18:37:16.482 [main] INFO  BUSINESS - 创建 HttpClient 实例成功 - 连接超时:5000ms, 读取超时:10000ms, 最大连接数:10, 每路由最大:5, 使用代理:false

18:37:16.483 [main] INFO  BUSINESS - 开始初始化JsonParserHelper
18:37:16.483 [main] INFO  BUSINESS - 初始化JsonParserHelper完成
18:37:16.483 [main] INFO  BUSINESS - 开始初始化WeatherResponseParser
18:37:16.483 [main] INFO  BUSINESS - 创建WeatherApiClient实例成功 - API密钥:abcdefghijklmnopqrstuvwxyz123456, 基础URL:https://api.weather.com/v1,
18:37:16.485 [main] INFO  BUSINESS - 开始创建HttpClient实例
18:37:16.485 [main] INFO  BUSINESS - 开始创建WeatherApiClient实例
18:37:16.485 [main] INFO  BUSINESS - 创建 HttpClient 实例成功 - 连接超时:5000ms, 读取超时:10000ms, 最大连接数:10, 每路由最大:5, 使用代理:false

18:37:16.486 [main] INFO  BUSINESS - 开始初始化JsonParserHelper
18:37:16.486 [main] INFO  BUSINESS - 初始化JsonParserHelper完成
18:37:16.486 [main] INFO  BUSINESS - 开始初始化WeatherResponseParser
18:37:16.486 [main] INFO  BUSINESS - 创建WeatherApiClient实例成功 - API密钥:abcdefghijklmnopqrstuvwxyz123456, 基础URL:https://api.weather.com/v1,
18:37:16.487 [main] INFO  BUSINESS - 开始创建HttpClient实例
18:37:16.487 [main] INFO  BUSINESS - 开始创建WeatherApiClient实例
18:37:16.488 [main] INFO  BUSINESS - 创建 HttpClient 实例成功 - 连接超时:5000ms, 读取超时:10000ms, 最大连接数:10, 每路由最大:5, 使用代理:false

18:37:16.489 [main] INFO  BUSINESS - 开始初始化JsonParserHelper
18:37:16.489 [main] INFO  BUSINESS - 初始化JsonParserHelper完成
18:37:16.489 [main] INFO  BUSINESS - 开始初始化WeatherResponseParser
18:37:16.489 [main] INFO  BUSINESS - 创建WeatherApiClient实例成功 - API密钥:abcdefghijklmnopqrstuvwxyz123456, 基础URL:https://api.weather.com/v1,
18:37:16.491 [main] INFO  BUSINESS - 开始创建HttpClient实例
18:37:16.491 [main] INFO  BUSINESS - 开始创建WeatherApiClient实例
18:37:16.491 [main] INFO  BUSINESS - 创建 HttpClient 实例成功 - 连接超时:5000ms, 读取超时:10000ms, 最大连接数:10, 每路由最大:5, 使用代理:false

18:37:16.492 [main] INFO  BUSINESS - 开始初始化JsonParserHelper
18:37:16.492 [main] INFO  BUSINESS - 初始化JsonParserHelper完成
18:37:16.492 [main] INFO  BUSINESS - 开始初始化WeatherResponseParser
18:37:16.492 [main] INFO  BUSINESS - 创建WeatherApiClient实例成功 - API密钥:abcdefghijklmnopqrstuvwxyz123456, 基础URL:https://api.weather.com/v1,
18:37:16.493 [main] INFO  BUSINESS - 开始创建HttpClient实例
18:37:16.494 [main] INFO  BUSINESS - 开始创建WeatherApiClient实例
18:37:16.494 [main] INFO  BUSINESS - 创建 HttpClient 实例成功 - 连接超时:5000ms, 读取超时:10000ms, 最大连接数:10, 每路由最大:5, 使用代理:false

18:37:16.495 [main] INFO  BUSINESS - 开始初始化JsonParserHelper
18:37:16.495 [main] INFO  BUSINESS - 初始化JsonParserHelper完成
18:37:16.495 [main] INFO  BUSINESS - 开始初始化WeatherResponseParser
18:37:16.495 [main] INFO  BUSINESS - 创建WeatherApiClient实例成功 - API密钥:abcdefghijklmnopqrstuvwxyz123456, 基础URL:https://api.weather.com/v1,
18:37:16.495 [main] INFO  BUSINESS - 开始创建WeatherApiClient实例
18:37:16.499 [main] INFO  BUSINESS - 开始创建HttpClient实例
18:37:16.500 [main] INFO  BUSINESS - 创建 HttpClient 实例成功 - 连接超时:5000ms, 读取超时:10000ms, 最大连接数:10, 每路由最大:5, 使用代理:false

18:37:16.501 [main] INFO  BUSINESS - 开始创建HttpClient实例
18:37:16.503 [main] INFO  BUSINESS - 创建 HttpClient 实例成功 - 连接超时:5000ms, 读取超时:10000ms, 最大连接数:10, 每路由最大:5, 使用代理:true

18:37:16.505 [main] INFO  BUSINESS - 开始创建HttpClient实例
18:37:16.506 [main] INFO  BUSINESS - 创建 HttpClient 实例成功 - 连接超时:3000ms, 读取超时:8000ms, 最大连接数:20, 每路由最大:10, 使用代理:false

20:43:39.840 [main] INFO  BUSINESS - 开始初始化
20:43:39.842 [main] INFO  BUSINESS - 开始加载配置文件
20:43:39.842 [main] INFO  BUSINESS - 加载配置文件成功

20:43:39.844 [main] INFO  BUSINESS - 开始创建HttpClient实例
20:43:39.845 [main] INFO  BUSINESS - 开始创建WeatherApiClient实例
20:43:40.003 [main] INFO  BUSINESS - 创建 HttpClient 实例成功 - 连接超时:5000ms, 读取超时:10000ms, 最大连接数:10, 每路由最大:5, 使用代理:false

20:43:40.031 [main] INFO  BUSINESS - 开始初始化JsonParserHelper
20:43:40.033 [main] INFO  BUSINESS - 初始化JsonParserHelper完成
20:43:40.034 [main] INFO  BUSINESS - 开始初始化WeatherResponseParser
20:43:40.035 [main] INFO  BUSINESS - 创建WeatherApiClient实例成功 - API密钥:c40ebe4e61404fddba4e64e35d64ea98, 基础URL:https://devapi.qweather.com/v7/weather/now,
20:43:40.037 [main] INFO  BUSINESS - 初始化完成
20:43:40.037 [main] INFO  BUSINESS - 开始运行
20:45:39.213 [main] INFO  BUSINESS - 开始初始化
20:45:39.215 [main] INFO  BUSINESS - 开始加载配置文件
20:45:39.216 [main] INFO  BUSINESS - 加载配置文件成功

20:45:39.217 [main] INFO  BUSINESS - 开始创建HttpClient实例
20:45:39.218 [main] INFO  BUSINESS - 开始创建WeatherApiClient实例
20:45:39.369 [main] INFO  BUSINESS - 创建 HttpClient 实例成功 - 连接超时:5000ms, 读取超时:10000ms, 最大连接数:10, 每路由最大:5, 使用代理:false

20:45:39.394 [main] INFO  BUSINESS - 开始初始化JsonParserHelper
20:45:39.396 [main] INFO  BUSINESS - 初始化JsonParserHelper完成
20:45:39.397 [main] INFO  BUSINESS - 开始初始化WeatherResponseParser
20:45:39.397 [main] INFO  BUSINESS - 创建WeatherApiClient实例成功 - API密钥:c40ebe4e61404fddba4e64e35d64ea98, 基础URL:https://devapi.qweather.com/v7/weather/now,
20:45:39.399 [main] INFO  BUSINESS - 初始化完成
20:45:39.399 [main] INFO  BUSINESS - 开始执行
20:45:44.614 [main] INFO  BUSINESS - 选择运行程序
20:45:49.605 [main] INFO  BUSINESS - 只查询城市
20:45:56.383 [main] INFO  BUSINESS - 查询城市：北京
20:45:56.384 [main] INFO  BUSINESS - 开始执行GET请求 - URL:https://devapi.qweather.com/v7/weather/now?location=%E5%8C%97%E4%BA%AC&key=c40ebe4e61404fddba4e64e35d64ea98&unit=c&lang=zh
20:45:56.761 [main] WARN  BUSINESS - 请求失败，正在重试 - 重试次数:1, 重试延迟:1000ms
20:45:57.820 [main] WARN  BUSINESS - 请求失败，正在重试 - 重试次数:2, 重试延迟:1000ms
21:00:02.486 [main] INFO  BUSINESS - 开始初始化
21:00:02.488 [main] INFO  BUSINESS - 开始加载配置文件
21:00:02.488 [main] INFO  BUSINESS - 加载配置文件成功

21:00:02.490 [main] INFO  BUSINESS - 开始创建HttpClient实例
21:00:02.491 [main] INFO  BUSINESS - 开始创建WeatherApiClient实例
21:00:02.642 [main] INFO  BUSINESS - 创建 HttpClient 实例成功 - 连接超时:5000ms, 读取超时:10000ms, 最大连接数:10, 每路由最大:5, 使用代理:false

21:00:02.667 [main] INFO  BUSINESS - 开始初始化JsonParserHelper
21:00:02.669 [main] INFO  BUSINESS - 初始化JsonParserHelper完成
21:00:02.669 [main] INFO  BUSINESS - 开始初始化WeatherResponseParser
21:00:02.669 [main] INFO  BUSINESS - 创建WeatherApiClient实例成功 - API密钥:c40ebe4e61404fddba4e64e35d64ea98, 基础URL:https://devapi.qweather.com/v7/weather/now,
21:00:02.671 [main] INFO  BUSINESS - 初始化完成
21:00:02.671 [main] INFO  BUSINESS - 开始执行
21:00:05.700 [main] INFO  BUSINESS - 选择运行程序
21:00:07.885 [main] INFO  BUSINESS - 只查询城市
21:00:11.603 [main] INFO  BUSINESS - 查询城市：北京
21:00:11.604 [main] INFO  BUSINESS - 开始执行GET请求 - URL:https://devapi.qweather.com/v7/weather/now?location=%E5%8C%97%E4%BA%AC&key=c40ebe4e61404fddba4e64e35d64ea98&lang=zh
21:00:12.883 [main] WARN  BUSINESS - 请求失败，正在重试 - 重试次数:1, 重试延迟:1000ms
21:00:13.936 [main] WARN  BUSINESS - 请求失败，正在重试 - 重试次数:2, 重试延迟:1000ms
21:08:03.986 [main] INFO  BUSINESS - 开始初始化
21:08:03.987 [main] INFO  BUSINESS - 开始加载配置文件
21:08:03.988 [main] INFO  BUSINESS - 加载配置文件成功

21:08:03.989 [main] INFO  BUSINESS - 开始创建HttpClient实例
21:08:03.990 [main] INFO  BUSINESS - 开始创建WeatherApiClient实例
21:08:04.140 [main] INFO  BUSINESS - 创建 HttpClient 实例成功 - 连接超时:5000ms, 读取超时:10000ms, 最大连接数:10, 每路由最大:5, 使用代理:false

21:08:04.166 [main] INFO  BUSINESS - 开始初始化JsonParserHelper
21:08:04.168 [main] INFO  BUSINESS - 初始化JsonParserHelper完成
21:08:04.169 [main] INFO  BUSINESS - 开始初始化WeatherResponseParser
21:08:04.169 [main] INFO  BUSINESS - 创建WeatherApiClient实例成功 - API密钥:c40ebe4e61404fddba4e64e35d64ea98, 基础URL:https://devapi.qweather.com/v7/weather/now,
21:08:04.170 [main] INFO  BUSINESS - 初始化完成
21:08:04.170 [main] INFO  BUSINESS - 开始执行
21:08:08.103 [main] INFO  BUSINESS - 选择运行程序
21:08:09.701 [main] INFO  BUSINESS - 只查询城市
21:08:13.472 [main] INFO  BUSINESS - 查询城市：北京
21:08:13.473 [main] INFO  BUSINESS - 开始执行GET请求 - URL:https://devapi.qweather.com/v7/weather/now?key=c40ebe4e61404fddba4e64e35d64ea98&location=%E5%8C%97%E4%BA%AC&lang=zh
21:08:13.849 [main] WARN  BUSINESS - 请求失败，正在重试 - 重试次数:1, 重试延迟:1000ms
21:08:14.905 [main] WARN  BUSINESS - 请求失败，正在重试 - 重试次数:2, 重试延迟:1000ms
